PING <PEER_DATA_IP> (<PEER_DATA_IP>) 56(84) bytes of data.
64 bytes from <PEER_DATA_IP>: icmp_seq=1 ttl=64 time=0.173 ms
64 bytes from <PEER_DATA_IP>: icmp_seq=2 ttl=64 time=1.05 ms
64 bytes from <PEER_DATA_IP>: icmp_seq=3 ttl=64 time=0.854 ms
64 bytes from <PEER_DATA_IP>: icmp_seq=4 ttl=64 time=0.651 ms
64 bytes from <PEER_DATA_IP>: icmp_seq=5 ttl=64 time=0.547 ms
64 bytes from <PEER_DATA_IP>: icmp_seq=6 ttl=64 time=0.651 ms
64 bytes from <PEER_DATA_IP>: icmp_seq=7 ttl=64 time=0.797 ms
64 bytes from <PEER_DATA_IP>: icmp_seq=8 ttl=64 time=0.802 ms
64 bytes from <PEER_DATA_IP>: icmp_seq=9 ttl=64 time=0.771 ms
64 bytes from <PEER_DATA_IP>: icmp_seq=10 ttl=64 time=0.236 ms
64 bytes from <PEER_DATA_IP>: icmp_seq=11 ttl=64 time=1.06 ms
64 bytes from <PEER_DATA_IP>: icmp_seq=12 ttl=64 time=0.974 ms
64 bytes from <PEER_DATA_IP>: icmp_seq=13 ttl=64 time=1.01 ms
64 bytes from <PEER_DATA_IP>: icmp_seq=14 ttl=64 time=1.01 ms
64 bytes from <PEER_DATA_IP>: icmp_seq=15 ttl=64 time=0.827 ms
64 bytes from <PEER_DATA_IP>: icmp_seq=16 ttl=64 time=0.873 ms
64 bytes from <PEER_DATA_IP>: icmp_seq=17 ttl=64 time=0.995 ms
64 bytes from <PEER_DATA_IP>: icmp_seq=18 ttl=64 time=0.987 ms
64 bytes from <PEER_DATA_IP>: icmp_seq=19 ttl=64 time=0.546 ms
64 bytes from <PEER_DATA_IP>: icmp_seq=20 ttl=64 time=0.545 ms

--- <PEER_DATA_IP> ping statistics ---
20 packets transmitted, 20 received, 0% packet loss, time 3873ms
rtt min/avg/max/mdev = 0.173/0.767/1.056/0.250 ms
